// Jest Snapshot v1, https://goo.gl/fbAQLP

exports[`login with wrong password 1`] = `
Array [
  "invalid login",
]
`;
